ARM Linker, 5.03 [Build 76] [MDK-ARM Lite]

==============================================================================

Section Cross References

    startup_tm4c123.o(STACK) refers (Special) to heapauxi.o(.text) for __use_two_region_memory
    startup_tm4c123.o(HEAP) refers (Special) to heapauxi.o(.text) for __use_two_region_memory
    startup_tm4c123.o(RESET) refers (Special) to heapauxi.o(.text) for __use_two_region_memory
    startup_tm4c123.o(RESET) refers to startup_tm4c123.o(STACK) for __initial_sp
    startup_tm4c123.o(RESET) refers to startup_tm4c123.o(.text) for Reset_Handler
    startup_tm4c123.o(RESET) refers to main.o(.text) for ADC0SS3_Handler
    startup_tm4c123.o(.text) refers (Special) to heapauxi.o(.text) for __use_two_region_memory
    startup_tm4c123.o(.text) refers to main.o(.text) for SystemInit
    startup_tm4c123.o(.text) refers to startup_tm4c123.o(HEAP) for Heap_Mem
    startup_tm4c123.o(.text) refers to startup_tm4c123.o(STACK) for Stack_Mem
    temperature_sensor.o(.text) refers to port.o(.text) for Port_Init
    temperature_sensor.o(.text) refers to adc.o(.text) for ADC0_SS3_Init
    motor.o(.text) refers to systick.o(.text) for delay
    motor.o(.text) refers to port.o(.text) for Port_Init
    motor.o(.text) refers to motor.o(.data) for cnt
    motor.o(.text) refers to motor.o(.constdata) for steps
    led.o(.text) refers to pwm.o(.text) for PWM1_3_Init
    led.o(.text) refers to port.o(.text) for Port_Init
    uart.o(.text) refers to port.o(.text) for Port_Init
    main.o(.text) refers to uart.o(.text) for UART2_Write
    main.o(.text) refers to adc.o(.text) for ADC0_InterruptAck
    main.o(.text) refers to motor.o(.text) for Motor_Clockwise
    main.o(.text) refers to port.o(.text) for Port_Init
    main.o(.text) refers to systick.o(.text) for systick_init


==============================================================================

Removing Unused input sections from the image.

    Removing temperature_sensor.o(.text), (36 bytes).
    Removing led.o(.text), (72 bytes).
    Removing dio.o(.text), (648 bytes).
    Removing pwm.o(.text), (96 bytes).

4 unused section(s) (total 852 bytes) removed from the image.

==============================================================================

Image Symbol Table

    Local Symbols

    Symbol Name                              Value     Ov Type        Size  Object(Section)

    RESET                                    0x00000000   Section      620  startup_tm4c123.o(RESET)
    ../clib/heapaux.c                        0x00000000   Number         0  heapauxi.o ABSOLUTE
    adc.c                                    0x00000000   Number         0  adc.o ABSOLUTE
    dc.s                                     0x00000000   Number         0  dc.o ABSOLUTE
    dio.c                                    0x00000000   Number         0  dio.o ABSOLUTE
    led.c                                    0x00000000   Number         0  led.o ABSOLUTE
    main.c                                   0x00000000   Number         0  main.o ABSOLUTE
    motor.c                                  0x00000000   Number         0  motor.o ABSOLUTE
    port.c                                   0x00000000   Number         0  port.o ABSOLUTE
    pwm.c                                    0x00000000   Number         0  pwm.o ABSOLUTE
    startup_TM4C123.s                        0x00000000   Number         0  startup_tm4c123.o ABSOLUTE
    systick.c                                0x00000000   Number         0  systick.o ABSOLUTE
    temperature_sensor.c                     0x00000000   Number         0  temperature_sensor.o ABSOLUTE
    uart.c                                   0x00000000   Number         0  uart.o ABSOLUTE
    .text                                    0x0000026c   Section      276  startup_tm4c123.o(.text)
    $v0                                      0x0000026c   Number         0  startup_tm4c123.o(.text)
    .text                                    0x00000380   Section        0  motor.o(.text)
    .text                                    0x0000048c   Section        0  uart.o(.text)
    .text                                    0x00000584   Section        0  port.o(.text)
    .text                                    0x00000be0   Section        0  main.o(.text)
    .text                                    0x00000d10   Section        0  adc.o(.text)
    .text                                    0x00000e08   Section        0  systick.o(.text)
    .text                                    0x00000e66   Section        0  heapauxi.o(.text)
    .constdata                               0x00000e6c   Section        4  motor.o(.constdata)
    .data                                    0x20000000   Section        1  motor.o(.data)
    HEAP                                     0x20000008   Section        0  startup_tm4c123.o(HEAP)
    STACK                                    0x20000008   Section      512  startup_tm4c123.o(STACK)
    Heap_Mem                                 0x20000008   Data           0  startup_tm4c123.o(HEAP)
    Stack_Mem                                0x20000008   Data         512  startup_tm4c123.o(STACK)
    __initial_sp                             0x20000208   Data           0  startup_tm4c123.o(STACK)

    Global Symbols

    Symbol Name                              Value     Ov Type        Size  Object(Section)

    BuildAttributes$$THM_ISAv4$E$P$D$K$B$S$7EM$VFPi3$EXTD16$VFPS$VFMA$PE$A:L22UL41UL21$X:L11$S22US41US21$IEEE1$IW$USESV6$~STKCKD$USESV7$~SHL$OSPACE$ROPI$EBA8$STANDARDLIB$REQ8$PRES8$EABIv2 0x00000000   Number         0  anon$$obj.o ABSOLUTE
    __Vectors                                0x00000000   Data           4  startup_tm4c123.o(RESET)
    Reset_Handler                            0x0000026d   Thumb Code     8  startup_tm4c123.o(.text)
    __Vectors_End                            0x0000026c   Data           0  startup_tm4c123.o(RESET)
    __Vectors_Size                           0x0000026c   Number         0  startup_tm4c123.o ABSOLUTE
    NMI_Handler                              0x00000275   Thumb Code     2  startup_tm4c123.o(.text)
    HardFault_Handler                        0x00000277   Thumb Code     2  startup_tm4c123.o(.text)
    MemManage_Handler                        0x00000279   Thumb Code     2  startup_tm4c123.o(.text)
    BusFault_Handler                         0x0000027b   Thumb Code     2  startup_tm4c123.o(.text)
    UsageFault_Handler                       0x0000027d   Thumb Code     2  startup_tm4c123.o(.text)
    SVC_Handler                              0x0000027f   Thumb Code     2  startup_tm4c123.o(.text)
    DebugMon_Handler                         0x00000281   Thumb Code     2  startup_tm4c123.o(.text)
    PendSV_Handler                           0x00000283   Thumb Code     2  startup_tm4c123.o(.text)
    SysTick_Handler                          0x00000285   Thumb Code     2  startup_tm4c123.o(.text)
    GPIOA_Handler                            0x00000287   Thumb Code     2  startup_tm4c123.o(.text)
    GPIOB_Handler                            0x00000289   Thumb Code     2  startup_tm4c123.o(.text)
    GPIOC_Handler                            0x0000028b   Thumb Code     2  startup_tm4c123.o(.text)
    GPIOD_Handler                            0x0000028d   Thumb Code     2  startup_tm4c123.o(.text)
    GPIOE_Handler                            0x0000028f   Thumb Code     2  startup_tm4c123.o(.text)
    UART0_Handler                            0x00000291   Thumb Code     2  startup_tm4c123.o(.text)
    UART1_Handler                            0x00000293   Thumb Code     2  startup_tm4c123.o(.text)
    SSI0_Handler                             0x00000295   Thumb Code     2  startup_tm4c123.o(.text)
    I2C0_Handler                             0x00000297   Thumb Code     2  startup_tm4c123.o(.text)
    PMW0_FAULT_Handler                       0x00000299   Thumb Code     2  startup_tm4c123.o(.text)
    PWM0_0_Handler                           0x0000029b   Thumb Code     2  startup_tm4c123.o(.text)
    PWM0_1_Handler                           0x0000029d   Thumb Code     2  startup_tm4c123.o(.text)
    PWM0_2_Handler                           0x0000029f   Thumb Code     2  startup_tm4c123.o(.text)
    QEI0_Handler                             0x000002a1   Thumb Code     2  startup_tm4c123.o(.text)
    ADC0SS0_Handler                          0x000002a3   Thumb Code     2  startup_tm4c123.o(.text)
    ADC0SS1_Handler                          0x000002a5   Thumb Code     2  startup_tm4c123.o(.text)
    ADC0SS2_Handler                          0x000002a7   Thumb Code     2  startup_tm4c123.o(.text)
    WDT0_Handler                             0x000002ab   Thumb Code     2  startup_tm4c123.o(.text)
    TIMER0A_Handler                          0x000002ad   Thumb Code     2  startup_tm4c123.o(.text)
    TIMER0B_Handler                          0x000002af   Thumb Code     2  startup_tm4c123.o(.text)
    TIMER1A_Handler                          0x000002b1   Thumb Code     2  startup_tm4c123.o(.text)
    TIMER1B_Handler                          0x000002b3   Thumb Code     2  startup_tm4c123.o(.text)
    TIMER2A_Handler                          0x000002b5   Thumb Code     2  startup_tm4c123.o(.text)
    TIMER2B_Handler                          0x000002b7   Thumb Code     2  startup_tm4c123.o(.text)
    COMP0_Handler                            0x000002b9   Thumb Code     2  startup_tm4c123.o(.text)
    COMP1_Handler                            0x000002bb   Thumb Code     2  startup_tm4c123.o(.text)
    COMP2_Handler                            0x000002bd   Thumb Code     2  startup_tm4c123.o(.text)
    SYSCTL_Handler                           0x000002bf   Thumb Code     2  startup_tm4c123.o(.text)
    FLASH_Handler                            0x000002c1   Thumb Code     2  startup_tm4c123.o(.text)
    GPIOF_Handler                            0x000002c3   Thumb Code     2  startup_tm4c123.o(.text)
    GPIOG_Handler                            0x000002c5   Thumb Code     2  startup_tm4c123.o(.text)
    GPIOH_Handler                            0x000002c7   Thumb Code     2  startup_tm4c123.o(.text)
    SSI1_Handler                             0x000002cb   Thumb Code     2  startup_tm4c123.o(.text)
    TIMER3A_Handler                          0x000002cd   Thumb Code     2  startup_tm4c123.o(.text)
    TIMER3B_Handler                          0x000002cf   Thumb Code     2  startup_tm4c123.o(.text)
    I2C1_Handler                             0x000002d1   Thumb Code     2  startup_tm4c123.o(.text)
    QEI1_Handler                             0x000002d3   Thumb Code     2  startup_tm4c123.o(.text)
    CAN0_Handler                             0x000002d5   Thumb Code     2  startup_tm4c123.o(.text)
    CAN1_Handler                             0x000002d7   Thumb Code     2  startup_tm4c123.o(.text)
    CAN2_Handler                             0x000002d9   Thumb Code     2  startup_tm4c123.o(.text)
    HIB_Handler                              0x000002db   Thumb Code     2  startup_tm4c123.o(.text)
    USB0_Handler                             0x000002dd   Thumb Code     2  startup_tm4c123.o(.text)
    PWM0_3_Handler                           0x000002df   Thumb Code     2  startup_tm4c123.o(.text)
    UDMA_Handler                             0x000002e1   Thumb Code     2  startup_tm4c123.o(.text)
    UDMAERR_Handler                          0x000002e3   Thumb Code     2  startup_tm4c123.o(.text)
    ADC1SS0_Handler                          0x000002e5   Thumb Code     2  startup_tm4c123.o(.text)
    ADC1SS1_Handler                          0x000002e7   Thumb Code     2  startup_tm4c123.o(.text)
    ADC1SS2_Handler                          0x000002e9   Thumb Code     2  startup_tm4c123.o(.text)
    ADC1SS3_Handler                          0x000002eb   Thumb Code     2  startup_tm4c123.o(.text)
    GPIOJ_Handler                            0x000002ed   Thumb Code     2  startup_tm4c123.o(.text)
    GPIOK_Handler                            0x000002ef   Thumb Code     2  startup_tm4c123.o(.text)
    GPIOL_Handler                            0x000002f1   Thumb Code     2  startup_tm4c123.o(.text)
    SSI2_Handler                             0x000002f3   Thumb Code     2  startup_tm4c123.o(.text)
    SSI3_Handler                             0x000002f5   Thumb Code     2  startup_tm4c123.o(.text)
    UART3_Handler                            0x000002f7   Thumb Code     2  startup_tm4c123.o(.text)
    UART4_Handler                            0x000002f9   Thumb Code     2  startup_tm4c123.o(.text)
    UART5_Handler                            0x000002fb   Thumb Code     2  startup_tm4c123.o(.text)
    UART6_Handler                            0x000002fd   Thumb Code     2  startup_tm4c123.o(.text)
    UART7_Handler                            0x000002ff   Thumb Code     2  startup_tm4c123.o(.text)
    I2C2_Handler                             0x00000301   Thumb Code     2  startup_tm4c123.o(.text)
    I2C3_Handler                             0x00000303   Thumb Code     2  startup_tm4c123.o(.text)
    TIMER4A_Handler                          0x00000305   Thumb Code     2  startup_tm4c123.o(.text)
    TIMER4B_Handler                          0x00000307   Thumb Code     2  startup_tm4c123.o(.text)
    TIMER5A_Handler                          0x00000309   Thumb Code     2  startup_tm4c123.o(.text)
    TIMER5B_Handler                          0x0000030b   Thumb Code     2  startup_tm4c123.o(.text)
    WTIMER0A_Handler                         0x0000030d   Thumb Code     2  startup_tm4c123.o(.text)
    WTIMER0B_Handler                         0x0000030f   Thumb Code     2  startup_tm4c123.o(.text)
    WTIMER1A_Handler                         0x00000311   Thumb Code     2  startup_tm4c123.o(.text)
    WTIMER1B_Handler                         0x00000313   Thumb Code     2  startup_tm4c123.o(.text)
    WTIMER2A_Handler                         0x00000315   Thumb Code     2  startup_tm4c123.o(.text)
    WTIMER2B_Handler                         0x00000317   Thumb Code     2  startup_tm4c123.o(.text)
    WTIMER3A_Handler                         0x00000319   Thumb Code     2  startup_tm4c123.o(.text)
    WTIMER3B_Handler                         0x0000031b   Thumb Code     2  startup_tm4c123.o(.text)
    WTIMER4A_Handler                         0x0000031d   Thumb Code     2  startup_tm4c123.o(.text)
    WTIMER4B_Handler                         0x0000031f   Thumb Code     2  startup_tm4c123.o(.text)
    WTIMER5A_Handler                         0x00000321   Thumb Code     2  startup_tm4c123.o(.text)
    WTIMER5B_Handler                         0x00000323   Thumb Code     2  startup_tm4c123.o(.text)
    FPU_Handler                              0x00000325   Thumb Code     2  startup_tm4c123.o(.text)
    I2C4_Handler                             0x00000327   Thumb Code     2  startup_tm4c123.o(.text)
    I2C5_Handler                             0x00000329   Thumb Code     2  startup_tm4c123.o(.text)
    GPIOM_Handler                            0x0000032b   Thumb Code     2  startup_tm4c123.o(.text)
    GPION_Handler                            0x0000032d   Thumb Code     2  startup_tm4c123.o(.text)
    QEI2_Handler                             0x0000032f   Thumb Code     2  startup_tm4c123.o(.text)
    GPIOP0_Handler                           0x00000331   Thumb Code     2  startup_tm4c123.o(.text)
    GPIOP1_Handler                           0x00000333   Thumb Code     2  startup_tm4c123.o(.text)
    GPIOP2_Handler                           0x00000335   Thumb Code     2  startup_tm4c123.o(.text)
    GPIOP3_Handler                           0x00000337   Thumb Code     2  startup_tm4c123.o(.text)
    GPIOP4_Handler                           0x00000339   Thumb Code     2  startup_tm4c123.o(.text)
    GPIOP5_Handler                           0x0000033b   Thumb Code     2  startup_tm4c123.o(.text)
    GPIOP6_Handler                           0x0000033d   Thumb Code     2  startup_tm4c123.o(.text)
    GPIOP7_Handler                           0x0000033f   Thumb Code     2  startup_tm4c123.o(.text)
    GPIOQ0_Handler                           0x00000341   Thumb Code     2  startup_tm4c123.o(.text)
    GPIOQ1_Handler                           0x00000343   Thumb Code     2  startup_tm4c123.o(.text)
    GPIOQ2_Handler                           0x00000345   Thumb Code     2  startup_tm4c123.o(.text)
    GPIOQ3_Handler                           0x00000347   Thumb Code     2  startup_tm4c123.o(.text)
    GPIOQ4_Handler                           0x00000349   Thumb Code     2  startup_tm4c123.o(.text)
    GPIOQ5_Handler                           0x0000034b   Thumb Code     2  startup_tm4c123.o(.text)
    GPIOQ6_Handler                           0x0000034d   Thumb Code     2  startup_tm4c123.o(.text)
    GPIOQ7_Handler                           0x0000034f   Thumb Code     2  startup_tm4c123.o(.text)
    GPIOR_Handler                            0x00000351   Thumb Code     2  startup_tm4c123.o(.text)
    GPIOS_Handler                            0x00000353   Thumb Code     2  startup_tm4c123.o(.text)
    PMW1_0_Handler                           0x00000355   Thumb Code     2  startup_tm4c123.o(.text)
    PWM1_1_Handler                           0x00000357   Thumb Code     2  startup_tm4c123.o(.text)
    PWM1_2_Handler                           0x00000359   Thumb Code     2  startup_tm4c123.o(.text)
    PWM1_3_Handler                           0x0000035b   Thumb Code     2  startup_tm4c123.o(.text)
    PWM1_FAULT_Handler                       0x0000035d   Thumb Code     2  startup_tm4c123.o(.text)
    __user_initial_stackheap                 0x00000361   Thumb Code     0  startup_tm4c123.o(.text)
    Motor_Clockwise                          0x00000381   Thumb Code    98  motor.o(.text)
    delay_1m                                 0x000003e3   Thumb Code    30  motor.o(.text)
    Motor_AntiClockwise                      0x00000401   Thumb Code    66  motor.o(.text)
    Motor_Init                               0x00000443   Thumb Code    58  motor.o(.text)
    UART2_Available                          0x0000048d   Thumb Code    14  uart.o(.text)
    UART2_Init                               0x0000049b   Thumb Code   170  uart.o(.text)
    UART2_Read                               0x00000545   Thumb Code    20  uart.o(.text)
    UART2_Write                              0x00000559   Thumb Code    18  uart.o(.text)
    Port_Init                                0x00000585   Thumb Code   120  port.o(.text)
    Port_SetPinPullUp                        0x000005fd   Thumb Code   212  port.o(.text)
    Port_SetPinPullDown                      0x000006d1   Thumb Code   224  port.o(.text)
    Port_SetPinDirection                     0x000007b1   Thumb Code   200  port.o(.text)
    Port_AnalogOrDigital                     0x00000879   Thumb Code   454  port.o(.text)
    Port_AlternateFunction                   0x00000a3f   Thumb Code   370  port.o(.text)
    ADC0SS3_Handler                          0x00000be1   Thumb Code    38  main.o(.text)
    UART2_Handler                            0x00000c07   Thumb Code    62  main.o(.text)
    SystemInit                               0x00000c45   Thumb Code   176  main.o(.text)
    __main                                   0x00000cf5   Thumb Code     4  main.o(.text)
    ADC0_SS3_Init                            0x00000d11   Thumb Code   190  adc.o(.text)
    ADC0_SS3_readValue                       0x00000dcf   Thumb Code    10  adc.o(.text)
    ADC0_InterruptAck                        0x00000dd9   Thumb Code    16  adc.o(.text)
    ADC0_SS3_SC                              0x00000de9   Thumb Code     8  adc.o(.text)
    systick_init                             0x00000e09   Thumb Code    38  systick.o(.text)
    systick_wait1ms                          0x00000e2f   Thumb Code    34  systick.o(.text)
    delay                                    0x00000e51   Thumb Code    22  systick.o(.text)
    __use_two_region_memory                  0x00000e67   Thumb Code     2  heapauxi.o(.text)
    __rt_heap_escrow$2region                 0x00000e69   Thumb Code     2  heapauxi.o(.text)
    __rt_heap_expand$2region                 0x00000e6b   Thumb Code     2  heapauxi.o(.text)
    steps                                    0x00000e6c   Data           4  motor.o(.constdata)
    cnt                                      0x20000000   Data           1  motor.o(.data)



==============================================================================

Memory Map of the image

  Image Entry point : 0x0000026d

  Load Region LR_1 (Base: 0x00000000, Size: 0x00000e74, Max: 0xffffffff, ABSOLUTE)

    Execution Region ER_RO (Base: 0x00000000, Size: 0x00000e70, Max: 0xffffffff, ABSOLUTE)

    Base Addr    Size         Type   Attr      Idx    E Section Name        Object

    0x00000000   0x0000026c   Data   RO            3    RESET               startup_tm4c123.o
    0x0000026c   0x00000114   Code   RO            4  * .text               startup_tm4c123.o
    0x00000380   0x0000010c   Code   RO           45    .text               motor.o
    0x0000048c   0x000000f8   Code   RO           85    .text               uart.o
    0x00000584   0x0000065c   Code   RO          103    .text               port.o
    0x00000be0   0x00000130   Code   RO          130    .text               main.o
    0x00000d10   0x000000f8   Code   RO          142    .text               adc.o
    0x00000e08   0x0000005e   Code   RO          166    .text               systick.o
    0x00000e66   0x00000006   Code   RO          180    .text               c_w.l(heapauxi.o)
    0x00000e6c   0x00000004   Data   RO           46    .constdata          motor.o


    Execution Region ER_RW (Base: 0x20000000, Size: 0x00000004, Max: 0xffffffff, ABSOLUTE)

    Base Addr    Size         Type   Attr      Idx    E Section Name        Object

    0x20000000   0x00000001   Data   RW           47    .data               motor.o


    Execution Region ER_ZI (Base: 0x20000004, Size: 0x00000204, Max: 0xffffffff, ABSOLUTE)

    Base Addr    Size         Type   Attr      Idx    E Section Name        Object

    0x20000004   0x00000004   PAD
    0x20000008   0x00000000   Zero   RW            2    HEAP                startup_tm4c123.o
    0x20000008   0x00000200   Zero   RW            1    STACK               startup_tm4c123.o


==============================================================================

Image component sizes


      Code (inc. data)   RO Data    RW Data    ZI Data      Debug   Object Name

       248         24          0          0          0       1233   adc.o
       304         24          0          0          0       1034   main.o
       268         16          4          1          0       1394   motor.o
      1628        140          0          0          0       2499   port.o
       276         24        620          0        512       5372   startup_tm4c123.o
        94          0          0          0          0        769   systick.o
         0          0          0          0          0       2160   temperature_sensor.o
       248         26          0          0          0       1276   uart.o

    ----------------------------------------------------------------------
      3066        254        624          4        516      15737   Object Totals
         0          0          0          0          0          0   (incl. Generated)
         0          0          0          3          4          0   (incl. Padding)

    ----------------------------------------------------------------------

      Code (inc. data)   RO Data    RW Data    ZI Data      Debug   Library Member Name

         6          0          0          0          0        152   heapauxi.o

    ----------------------------------------------------------------------
         6          0          0          0          0        152   Library Totals
         0          0          0          0          0          0   (incl. Padding)

    ----------------------------------------------------------------------

      Code (inc. data)   RO Data    RW Data    ZI Data      Debug   Library Name

         6          0          0          0          0        152   c_w.l

    ----------------------------------------------------------------------
         6          0          0          0          0        152   Library Totals

    ----------------------------------------------------------------------

==============================================================================


      Code (inc. data)   RO Data    RW Data    ZI Data      Debug   

      3072        254        624          4        516      15289   Grand Totals
      3072        254        624          4        516      15289   ELF Image Totals
      3072        254        624          4          0          0   ROM Totals

==============================================================================

    Total RO  Size (Code + RO Data)                 3696 (   3.61kB)
    Total RW  Size (RW Data + ZI Data)               520 (   0.51kB)
    Total ROM Size (Code + RO Data + RW Data)       3700 (   3.61kB)

==============================================================================

