<html>
<body>
<pre>
<h1>µVision Build Log</h1>
<h2>Project:</h2>
G:\Projects\Smart-Home\Tivac1\TivaC1.uvproj
Project File Date:  05/04/2019

<h2>Output:</h2>
Rebuild target 'Target 1'
assembling startup_TM4C123.s...
compiling temperature_sensor.c...
compiling motor.c...
compiling led.c...
compiling uart.c...
compiling port.c...
compiling dio.c...
compiling main.c...
compiling adc.c...
compiling pwm.c...
compiling systick.c...
linking...
Program Size: Code=5494 RO-data=658 RW-data=4 ZI-data=612  
".\TivaC1.axf" - 0 Error(s), 0 Warning(s).
Load "G:\\Projects\\Smart-Home\\Tivac1\\TivaC1.axf" 
Connecting: Mode=JTAG, Speed=1000000Hz
Connection failed!, error code=&d
Error: Flash Download failed  -  Target DLL has been cancelled
Load "G:\\Projects\\Smart-Home\\Tivac1\\TivaC1.axf" 
Connecting: Mode=JTAG, Speed=1000000Hz
Connection failed!, error code=&d
Error: Flash Download failed  -  Target DLL has been cancelled
Load "G:\\Projects\\Smart-Home\\Tivac1\\TivaC1.axf" 
Connecting: Mode=JTAG, Speed=1000000Hz
Erase Done.
Programming Done.
Verify OK.
ash Download failed  -  Target DLL has been cancelled
