<html>
<body>
<pre>
<h1>µVision Build Log</h1>
<h2>Project:</h2>
D:\Smart-Home-okasha\Tivac1\TivaC1.uvproj
Project File Date:  05/13/2019

<h2>Output:</h2>
Rebuild target 'Target 1'
assembling startup_TM4C123.s...
compiling temperature_sensor.c...
compiling motor.c...
compiling led.c...
pwm.h(13): warning:  #1295-D: Deprecated declaration PWM1_3_Init - give arg types
  void PWM1_3_Init ();
led.c: 1 warning, 0 errors
compiling uart.c...
pwm.h(13): warning:  #1295-D: Deprecated declaration PWM1_3_Init - give arg types
  void PWM1_3_Init ();
uart.c: 1 warning, 0 errors
compiling port.c...
compiling dio.c...
compiling main.c...
pwm.h(13): warning:  #1295-D: Deprecated declaration PWM1_3_Init - give arg types
  void PWM1_3_Init ();
main.c(17): warning:  #177-D: variable "a" was declared but never referenced
        uint8_t a = 1;
main.c(42): warning:  #550-D: variable "delay1" was set but never used
        uint8_t delay1;
main.c: 3 warnings, 0 errors
compiling adc.c...
adc.c(62): warning:  #1-D: last line of file ends without a newline
  }
adc.c: 1 warning, 0 errors
compiling pwm.c...
pwm.h(13): warning:  #1295-D: Deprecated declaration PWM1_3_Init - give arg types
  void PWM1_3_Init ();
pwm.c: 1 warning, 0 errors
compiling systick.c...
linking...
Program Size: Code=3072 RO-data=624 RW-data=4 ZI-data=516  
".\TivaC1.axf" - 0 Error(s), 7 Warning(s).
Load "D:\\Smart-Home-okasha\\Tivac1\\TivaC1.axf" 
Connecting: Mode=JTAG, Speed=1000000Hz
Erase Done.
Programming Done.
Verify OK.
</pre>
</body>
</html>
