<html>
<body>
<pre>
<h1>µVision Build Log</h1>
<h2>Project:</h2>
G:\Projects\Smart-Home\Tivac2\TivaC2.uvproj
Project File Date:  05/04/2019

<h2>Output:</h2>
Rebuild target 'Target 1'
assembling startup_TM4C123.s...
compiling lcd.c...
compiling potentiometer.c...
compiling push_buttons.c...
compiling main.c...
main.c(22): warning:  #550-D: variable "x" was set but never used
        uint16_t x;
main.c: 1 warning, 0 errors
compiling uart.c...
compiling port.c...
compiling dio.c...
compiling adc.c...
compiling systick.c...
linking...
Program Size: Code=4224 RO-data=652 RW-data=4 ZI-data=612  
".\TivaC2.axf" - 0 Error(s), 1 Warning(s).
Load "G:\\Projects\\Smart-Home\\Tivac2\\TivaC2.axf" 
Connecting: Mode=JTAG, Speed=1000000Hz
Erase Done.
Programming Done.
Verify OK.
Load "G:\\Projects\\Smart-Home\\Tivac2\\TivaC2.axf" 
Connecting: Mode=JTAG, Speed=1000000Hz
Erase Done.
Programming Done.
Verify OK.
 Warning(s).
Target not created
to list image symbols.
Finished: 1 information, 0 warning and 3 error messages.
".\TivaC2.axf" - 3 Error(s), 2 Warning(s).
Target not created
