ARM Linker, 5.03 [Build 76] [MDK-ARM Lite]

==============================================================================

Section Cross References

    startup_tm4c123.o(STACK) refers (Special) to heapauxi.o(.text) for __use_two_region_memory
    startup_tm4c123.o(HEAP) refers (Special) to heapauxi.o(.text) for __use_two_region_memory
    startup_tm4c123.o(RESET) refers (Special) to heapauxi.o(.text) for __use_two_region_memory
    startup_tm4c123.o(RESET) refers to startup_tm4c123.o(STACK) for __initial_sp
    startup_tm4c123.o(RESET) refers to startup_tm4c123.o(.text) for Reset_Handler
    startup_tm4c123.o(RESET) refers to main.o(.text) for ADC0SS3_Handler
    startup_tm4c123.o(RESET) refers to uart.o(.text) for UART2_Handler
    startup_tm4c123.o(.text) refers (Special) to heapauxi.o(.text) for __use_two_region_memory
    startup_tm4c123.o(.text) refers to main.o(.text) for SystemInit
    startup_tm4c123.o(.text) refers to startup_tm4c123.o(HEAP) for Heap_Mem
    startup_tm4c123.o(.text) refers to startup_tm4c123.o(STACK) for Stack_Mem
    lcd.o(.text) refers to dio.o(.text) for DIO_WritePort
    lcd.o(.text) refers to systick.o(.text) for systick_wait1ms
    lcd.o(.text) refers to port.o(.text) for Port_Init
    potentiometer.o(.text) refers to port.o(.text) for Port_Init
    potentiometer.o(.text) refers to adc.o(.text) for ADC0_SS3_Init
    push_buttons.o(.text) refers to port.o(.text) for Port_Init
    main.o(.text) refers to uart.o(.text) for UART2_Write
    main.o(.text) refers to port.o(.text) for PORT_InterruptAck
    main.o(.text) refers to adc.o(.text) for ADC0_SS3_readValue
    main.o(.text) refers to systick.o(.text) for delay
    main.o(.text) refers to lcd.o(.text) for LCD_Init
    main.o(.text) refers to push_buttons.o(.text) for pushButtons_Init
    main.o(.text) refers to potentiometer.o(.text) for ADC_Init_Potentiometer
    uart.o(.text) refers to lcd.o(.text) for LCD_SendCommand
    uart.o(.text) refers to port.o(.text) for Port_Init


==============================================================================

Removing Unused input sections from the image.

    Removing main.o(.data), (4 bytes).

1 unused section(s) (total 4 bytes) removed from the image.

==============================================================================

Image Symbol Table

    Local Symbols

    Symbol Name                              Value     Ov Type        Size  Object(Section)

    RESET                                    0x00000000   Section      620  startup_tm4c123.o(RESET)
    ../clib/heapaux.c                        0x00000000   Number         0  heapauxi.o ABSOLUTE
    adc.c                                    0x00000000   Number         0  adc.o ABSOLUTE
    dc.s                                     0x00000000   Number         0  dc.o ABSOLUTE
    dio.c                                    0x00000000   Number         0  dio.o ABSOLUTE
    lcd.c                                    0x00000000   Number         0  lcd.o ABSOLUTE
    main.c                                   0x00000000   Number         0  main.o ABSOLUTE
    port.c                                   0x00000000   Number         0  port.o ABSOLUTE
    potentiometer.c                          0x00000000   Number         0  potentiometer.o ABSOLUTE
    push_buttons.c                           0x00000000   Number         0  push_buttons.o ABSOLUTE
    startup_TM4C123.s                        0x00000000   Number         0  startup_tm4c123.o ABSOLUTE
    systick.c                                0x00000000   Number         0  systick.o ABSOLUTE
    uart.c                                   0x00000000   Number         0  uart.o ABSOLUTE
    .text                                    0x0000026c   Section      276  startup_tm4c123.o(.text)
    $v0                                      0x0000026c   Number         0  startup_tm4c123.o(.text)
    .text                                    0x00000380   Section        0  lcd.o(.text)
    .text                                    0x00000572   Section        0  potentiometer.o(.text)
    .text                                    0x000005a0   Section        0  push_buttons.o(.text)
    .text                                    0x00000640   Section        0  main.o(.text)
    .text                                    0x00000710   Section        0  uart.o(.text)
    .text                                    0x0000084c   Section        0  port.o(.text)
    .text                                    0x00000ebc   Section        0  dio.o(.text)
    .text                                    0x00001144   Section        0  adc.o(.text)
    .text                                    0x000011f4   Section        0  systick.o(.text)
    .text                                    0x00001252   Section        0  heapauxi.o(.text)
    HEAP                                     0x20000000   Section        0  startup_tm4c123.o(HEAP)
    STACK                                    0x20000000   Section      512  startup_tm4c123.o(STACK)
    Heap_Mem                                 0x20000000   Data           0  startup_tm4c123.o(HEAP)
    Stack_Mem                                0x20000000   Data         512  startup_tm4c123.o(STACK)
    __initial_sp                             0x20000200   Data           0  startup_tm4c123.o(STACK)

    Global Symbols

    Symbol Name                              Value     Ov Type        Size  Object(Section)

    BuildAttributes$$THM_ISAv4$E$P$D$K$B$S$7EM$VFPi3$EXTD16$VFPS$VFMA$PE$A:L22UL41UL21$X:L11$S22US41US21$IEEE1$IW$USESV6$~STKCKD$USESV7$~SHL$OSPACE$ROPI$EBA8$STANDARDLIB$REQ8$PRES8$EABIv2 0x00000000   Number         0  anon$$obj.o ABSOLUTE
    __Vectors                                0x00000000   Data           4  startup_tm4c123.o(RESET)
    Reset_Handler                            0x0000026d   Thumb Code     8  startup_tm4c123.o(.text)
    __Vectors_End                            0x0000026c   Data           0  startup_tm4c123.o(RESET)
    __Vectors_Size                           0x0000026c   Number         0  startup_tm4c123.o ABSOLUTE
    NMI_Handler                              0x00000275   Thumb Code     2  startup_tm4c123.o(.text)
    HardFault_Handler                        0x00000277   Thumb Code     2  startup_tm4c123.o(.text)
    MemManage_Handler                        0x00000279   Thumb Code     2  startup_tm4c123.o(.text)
    BusFault_Handler                         0x0000027b   Thumb Code     2  startup_tm4c123.o(.text)
    UsageFault_Handler                       0x0000027d   Thumb Code     2  startup_tm4c123.o(.text)
    SVC_Handler                              0x0000027f   Thumb Code     2  startup_tm4c123.o(.text)
    DebugMon_Handler                         0x00000281   Thumb Code     2  startup_tm4c123.o(.text)
    PendSV_Handler                           0x00000283   Thumb Code     2  startup_tm4c123.o(.text)
    SysTick_Handler                          0x00000285   Thumb Code     2  startup_tm4c123.o(.text)
    GPIOA_Handler                            0x00000287   Thumb Code     2  startup_tm4c123.o(.text)
    GPIOB_Handler                            0x00000289   Thumb Code     2  startup_tm4c123.o(.text)
    GPIOC_Handler                            0x0000028b   Thumb Code     2  startup_tm4c123.o(.text)
    GPIOD_Handler                            0x0000028d   Thumb Code     2  startup_tm4c123.o(.text)
    GPIOE_Handler                            0x0000028f   Thumb Code     2  startup_tm4c123.o(.text)
    UART0_Handler                            0x00000291   Thumb Code     2  startup_tm4c123.o(.text)
    UART1_Handler                            0x00000293   Thumb Code     2  startup_tm4c123.o(.text)
    SSI0_Handler                             0x00000295   Thumb Code     2  startup_tm4c123.o(.text)
    I2C0_Handler                             0x00000297   Thumb Code     2  startup_tm4c123.o(.text)
    PMW0_FAULT_Handler                       0x00000299   Thumb Code     2  startup_tm4c123.o(.text)
    PWM0_0_Handler                           0x0000029b   Thumb Code     2  startup_tm4c123.o(.text)
    PWM0_1_Handler                           0x0000029d   Thumb Code     2  startup_tm4c123.o(.text)
    PWM0_2_Handler                           0x0000029f   Thumb Code     2  startup_tm4c123.o(.text)
    QEI0_Handler                             0x000002a1   Thumb Code     2  startup_tm4c123.o(.text)
    ADC0SS0_Handler                          0x000002a3   Thumb Code     2  startup_tm4c123.o(.text)
    ADC0SS1_Handler                          0x000002a5   Thumb Code     2  startup_tm4c123.o(.text)
    ADC0SS2_Handler                          0x000002a7   Thumb Code     2  startup_tm4c123.o(.text)
    WDT0_Handler                             0x000002ab   Thumb Code     2  startup_tm4c123.o(.text)
    TIMER0A_Handler                          0x000002ad   Thumb Code     2  startup_tm4c123.o(.text)
    TIMER0B_Handler                          0x000002af   Thumb Code     2  startup_tm4c123.o(.text)
    TIMER1A_Handler                          0x000002b1   Thumb Code     2  startup_tm4c123.o(.text)
    TIMER1B_Handler                          0x000002b3   Thumb Code     2  startup_tm4c123.o(.text)
    TIMER2A_Handler                          0x000002b5   Thumb Code     2  startup_tm4c123.o(.text)
    TIMER2B_Handler                          0x000002b7   Thumb Code     2  startup_tm4c123.o(.text)
    COMP0_Handler                            0x000002b9   Thumb Code     2  startup_tm4c123.o(.text)
    COMP1_Handler                            0x000002bb   Thumb Code     2  startup_tm4c123.o(.text)
    COMP2_Handler                            0x000002bd   Thumb Code     2  startup_tm4c123.o(.text)
    SYSCTL_Handler                           0x000002bf   Thumb Code     2  startup_tm4c123.o(.text)
    FLASH_Handler                            0x000002c1   Thumb Code     2  startup_tm4c123.o(.text)
    GPIOG_Handler                            0x000002c5   Thumb Code     2  startup_tm4c123.o(.text)
    GPIOH_Handler                            0x000002c7   Thumb Code     2  startup_tm4c123.o(.text)
    SSI1_Handler                             0x000002cb   Thumb Code     2  startup_tm4c123.o(.text)
    TIMER3A_Handler                          0x000002cd   Thumb Code     2  startup_tm4c123.o(.text)
    TIMER3B_Handler                          0x000002cf   Thumb Code     2  startup_tm4c123.o(.text)
    I2C1_Handler                             0x000002d1   Thumb Code     2  startup_tm4c123.o(.text)
    QEI1_Handler                             0x000002d3   Thumb Code     2  startup_tm4c123.o(.text)
    CAN0_Handler                             0x000002d5   Thumb Code     2  startup_tm4c123.o(.text)
    CAN1_Handler                             0x000002d7   Thumb Code     2  startup_tm4c123.o(.text)
    CAN2_Handler                             0x000002d9   Thumb Code     2  startup_tm4c123.o(.text)
    HIB_Handler                              0x000002db   Thumb Code     2  startup_tm4c123.o(.text)
    USB0_Handler                             0x000002dd   Thumb Code     2  startup_tm4c123.o(.text)
    PWM0_3_Handler                           0x000002df   Thumb Code     2  startup_tm4c123.o(.text)
    UDMA_Handler                             0x000002e1   Thumb Code     2  startup_tm4c123.o(.text)
    UDMAERR_Handler                          0x000002e3   Thumb Code     2  startup_tm4c123.o(.text)
    ADC1SS0_Handler                          0x000002e5   Thumb Code     2  startup_tm4c123.o(.text)
    ADC1SS1_Handler                          0x000002e7   Thumb Code     2  startup_tm4c123.o(.text)
    ADC1SS2_Handler                          0x000002e9   Thumb Code     2  startup_tm4c123.o(.text)
    ADC1SS3_Handler                          0x000002eb   Thumb Code     2  startup_tm4c123.o(.text)
    GPIOJ_Handler                            0x000002ed   Thumb Code     2  startup_tm4c123.o(.text)
    GPIOK_Handler                            0x000002ef   Thumb Code     2  startup_tm4c123.o(.text)
    GPIOL_Handler                            0x000002f1   Thumb Code     2  startup_tm4c123.o(.text)
    SSI2_Handler                             0x000002f3   Thumb Code     2  startup_tm4c123.o(.text)
    SSI3_Handler                             0x000002f5   Thumb Code     2  startup_tm4c123.o(.text)
    UART3_Handler                            0x000002f7   Thumb Code     2  startup_tm4c123.o(.text)
    UART4_Handler                            0x000002f9   Thumb Code     2  startup_tm4c123.o(.text)
    UART5_Handler                            0x000002fb   Thumb Code     2  startup_tm4c123.o(.text)
    UART6_Handler                            0x000002fd   Thumb Code     2  startup_tm4c123.o(.text)
    UART7_Handler                            0x000002ff   Thumb Code     2  startup_tm4c123.o(.text)
    I2C2_Handler                             0x00000301   Thumb Code     2  startup_tm4c123.o(.text)
    I2C3_Handler                             0x00000303   Thumb Code     2  startup_tm4c123.o(.text)
    TIMER4A_Handler                          0x00000305   Thumb Code     2  startup_tm4c123.o(.text)
    TIMER4B_Handler                          0x00000307   Thumb Code     2  startup_tm4c123.o(.text)
    TIMER5A_Handler                          0x00000309   Thumb Code     2  startup_tm4c123.o(.text)
    TIMER5B_Handler                          0x0000030b   Thumb Code     2  startup_tm4c123.o(.text)
    WTIMER0A_Handler                         0x0000030d   Thumb Code     2  startup_tm4c123.o(.text)
    WTIMER0B_Handler                         0x0000030f   Thumb Code     2  startup_tm4c123.o(.text)
    WTIMER1A_Handler                         0x00000311   Thumb Code     2  startup_tm4c123.o(.text)
    WTIMER1B_Handler                         0x00000313   Thumb Code     2  startup_tm4c123.o(.text)
    WTIMER2A_Handler                         0x00000315   Thumb Code     2  startup_tm4c123.o(.text)
    WTIMER2B_Handler                         0x00000317   Thumb Code     2  startup_tm4c123.o(.text)
    WTIMER3A_Handler                         0x00000319   Thumb Code     2  startup_tm4c123.o(.text)
    WTIMER3B_Handler                         0x0000031b   Thumb Code     2  startup_tm4c123.o(.text)
    WTIMER4A_Handler                         0x0000031d   Thumb Code     2  startup_tm4c123.o(.text)
    WTIMER4B_Handler                         0x0000031f   Thumb Code     2  startup_tm4c123.o(.text)
    WTIMER5A_Handler                         0x00000321   Thumb Code     2  startup_tm4c123.o(.text)
    WTIMER5B_Handler                         0x00000323   Thumb Code     2  startup_tm4c123.o(.text)
    FPU_Handler                              0x00000325   Thumb Code     2  startup_tm4c123.o(.text)
    I2C4_Handler                             0x00000327   Thumb Code     2  startup_tm4c123.o(.text)
    I2C5_Handler                             0x00000329   Thumb Code     2  startup_tm4c123.o(.text)
    GPIOM_Handler                            0x0000032b   Thumb Code     2  startup_tm4c123.o(.text)
    GPION_Handler                            0x0000032d   Thumb Code     2  startup_tm4c123.o(.text)
    QEI2_Handler                             0x0000032f   Thumb Code     2  startup_tm4c123.o(.text)
    GPIOP0_Handler                           0x00000331   Thumb Code     2  startup_tm4c123.o(.text)
    GPIOP1_Handler                           0x00000333   Thumb Code     2  startup_tm4c123.o(.text)
    GPIOP2_Handler                           0x00000335   Thumb Code     2  startup_tm4c123.o(.text)
    GPIOP3_Handler                           0x00000337   Thumb Code     2  startup_tm4c123.o(.text)
    GPIOP4_Handler                           0x00000339   Thumb Code     2  startup_tm4c123.o(.text)
    GPIOP5_Handler                           0x0000033b   Thumb Code     2  startup_tm4c123.o(.text)
    GPIOP6_Handler                           0x0000033d   Thumb Code     2  startup_tm4c123.o(.text)
    GPIOP7_Handler                           0x0000033f   Thumb Code     2  startup_tm4c123.o(.text)
    GPIOQ0_Handler                           0x00000341   Thumb Code     2  startup_tm4c123.o(.text)
    GPIOQ1_Handler                           0x00000343   Thumb Code     2  startup_tm4c123.o(.text)
    GPIOQ2_Handler                           0x00000345   Thumb Code     2  startup_tm4c123.o(.text)
    GPIOQ3_Handler                           0x00000347   Thumb Code     2  startup_tm4c123.o(.text)
    GPIOQ4_Handler                           0x00000349   Thumb Code     2  startup_tm4c123.o(.text)
    GPIOQ5_Handler                           0x0000034b   Thumb Code     2  startup_tm4c123.o(.text)
    GPIOQ6_Handler                           0x0000034d   Thumb Code     2  startup_tm4c123.o(.text)
    GPIOQ7_Handler                           0x0000034f   Thumb Code     2  startup_tm4c123.o(.text)
    GPIOR_Handler                            0x00000351   Thumb Code     2  startup_tm4c123.o(.text)
    GPIOS_Handler                            0x00000353   Thumb Code     2  startup_tm4c123.o(.text)
    PMW1_0_Handler                           0x00000355   Thumb Code     2  startup_tm4c123.o(.text)
    PWM1_1_Handler                           0x00000357   Thumb Code     2  startup_tm4c123.o(.text)
    PWM1_2_Handler                           0x00000359   Thumb Code     2  startup_tm4c123.o(.text)
    PWM1_3_Handler                           0x0000035b   Thumb Code     2  startup_tm4c123.o(.text)
    PWM1_FAULT_Handler                       0x0000035d   Thumb Code     2  startup_tm4c123.o(.text)
    __user_initial_stackheap                 0x00000361   Thumb Code     0  startup_tm4c123.o(.text)
    LCD_SendCommand                          0x00000381   Thumb Code    66  lcd.o(.text)
    LCD_SendData                             0x000003c3   Thumb Code    66  lcd.o(.text)
    LCD_DisplayString                        0x00000405   Thumb Code    24  lcd.o(.text)
    swap                                     0x0000041d   Thumb Code    10  lcd.o(.text)
    reverse                                  0x00000427   Thumb Code    38  lcd.o(.text)
    itoa                                     0x0000044d   Thumb Code   150  lcd.o(.text)
    LCD_IntegerToString                      0x000004e3   Thumb Code    26  lcd.o(.text)
    LCD_Init                                 0x000004fd   Thumb Code   118  lcd.o(.text)
    ADC_Init_Potentiometer                   0x00000573   Thumb Code    46  potentiometer.o(.text)
    pushButtons_Init                         0x000005a1   Thumb Code   148  push_buttons.o(.text)
    GPIOF_Handler                            0x00000641   Thumb Code    56  main.o(.text)
    ADC0SS3_Handler                          0x00000679   Thumb Code    48  main.o(.text)
    SystemInit                               0x000006a9   Thumb Code    68  main.o(.text)
    __main                                   0x000006ed   Thumb Code    16  main.o(.text)
    UART2_Read                               0x00000711   Thumb Code     8  uart.o(.text)
    UART2_Handler                            0x00000719   Thumb Code    64  uart.o(.text)
    UART2_Init                               0x00000759   Thumb Code   174  uart.o(.text)
    UART2_Available                          0x00000807   Thumb Code    12  uart.o(.text)
    UART2_Write                              0x00000813   Thumb Code    18  uart.o(.text)
    Port_Init                                0x0000084d   Thumb Code   122  port.o(.text)
    Port_SetPinPullUp                        0x000008c7   Thumb Code   212  port.o(.text)
    Port_SetPinPullDown                      0x0000099b   Thumb Code   224  port.o(.text)
    Port_SetPinDirection                     0x00000a7b   Thumb Code   200  port.o(.text)
    Port_AnalogOrDigital                     0x00000b43   Thumb Code   454  port.o(.text)
    Port_AlternateFunction                   0x00000d09   Thumb Code   370  port.o(.text)
    PORT_InterruptAck                        0x00000e7b   Thumb Code    16  port.o(.text)
    DIO_ReadPort                             0x00000ebd   Thumb Code    80  dio.o(.text)
    DIO_WritePort                            0x00000f0d   Thumb Code   240  dio.o(.text)
    DIO_Write8Bits                           0x00000ffd   Thumb Code   168  dio.o(.text)
    DIO_FlipPort                             0x000010a5   Thumb Code   116  dio.o(.text)
    ADC0_SS3_Init                            0x00001145   Thumb Code   122  adc.o(.text)
    ADC0_SS3_readValue                       0x000011bf   Thumb Code    10  adc.o(.text)
    ADC0_InterruptAck                        0x000011c9   Thumb Code    16  adc.o(.text)
    ADC0_SS3_SC                              0x000011d9   Thumb Code     8  adc.o(.text)
    systick_init                             0x000011f5   Thumb Code    38  systick.o(.text)
    systick_wait1ms                          0x0000121b   Thumb Code    34  systick.o(.text)
    delay                                    0x0000123d   Thumb Code    22  systick.o(.text)
    __use_two_region_memory                  0x00001253   Thumb Code     2  heapauxi.o(.text)
    __rt_heap_escrow$2region                 0x00001255   Thumb Code     2  heapauxi.o(.text)
    __rt_heap_expand$2region                 0x00001257   Thumb Code     2  heapauxi.o(.text)



==============================================================================

Memory Map of the image

  Image Entry point : 0x0000026d

  Load Region LR_1 (Base: 0x00000000, Size: 0x00001258, Max: 0xffffffff, ABSOLUTE)

    Execution Region ER_RO (Base: 0x00000000, Size: 0x00001258, Max: 0xffffffff, ABSOLUTE)

    Base Addr    Size         Type   Attr      Idx    E Section Name        Object

    0x00000000   0x0000026c   Data   RO            3    RESET               startup_tm4c123.o
    0x0000026c   0x00000114   Code   RO            4  * .text               startup_tm4c123.o
    0x00000380   0x000001f2   Code   RO           10    .text               lcd.o
    0x00000572   0x0000002e   Code   RO           48    .text               potentiometer.o
    0x000005a0   0x000000a0   Code   RO           69    .text               push_buttons.o
    0x00000640   0x000000d0   Code   RO           87    .text               main.o
    0x00000710   0x0000013c   Code   RO          102    .text               uart.o
    0x0000084c   0x00000670   Code   RO          117    .text               port.o
    0x00000ebc   0x00000288   Code   RO          129    .text               dio.o
    0x00001144   0x000000b0   Code   RO          141    .text               adc.o
    0x000011f4   0x0000005e   Code   RO          153    .text               systick.o
    0x00001252   0x00000006   Code   RO          167    .text               c_w.l(heapauxi.o)


    Execution Region ER_RW (Base: 0x20000000, Size: 0x00000000, Max: 0xffffffff, ABSOLUTE)

    **** No section assigned to this execution region ****


    Execution Region ER_ZI (Base: 0x20000000, Size: 0x00000200, Max: 0xffffffff, ABSOLUTE)

    Base Addr    Size         Type   Attr      Idx    E Section Name        Object

    0x20000000   0x00000000   Zero   RW            2    HEAP                startup_tm4c123.o
    0x20000000   0x00000200   Zero   RW            1    STACK               startup_tm4c123.o


==============================================================================

Image component sizes


      Code (inc. data)   RO Data    RW Data    ZI Data      Debug   Object Name

       176         20          0          0          0       1189   adc.o
       648         68          0          0          0       1421   dio.o
       498          0          0          0          0       4840   lcd.o
       208         20          0          0          0        918   main.o
      1648        142          0          0          0       2917   port.o
        46          0          0          0          0        445   potentiometer.o
       160         12          0          0          0        455   push_buttons.o
       276         24        620          0        512       5372   startup_tm4c123.o
        94          0          0          0          0        765   systick.o
       316         40          0          0          0       1422   uart.o

    ----------------------------------------------------------------------
      4070        326        620          0        512      19744   Object Totals
         0          0          0          0          0          0   (incl. Generated)
         0          0          0          0          0          0   (incl. Padding)

    ----------------------------------------------------------------------

      Code (inc. data)   RO Data    RW Data    ZI Data      Debug   Library Member Name

         6          0          0          0          0        152   heapauxi.o

    ----------------------------------------------------------------------
         6          0          0          0          0        152   Library Totals
         0          0          0          0          0          0   (incl. Padding)

    ----------------------------------------------------------------------

      Code (inc. data)   RO Data    RW Data    ZI Data      Debug   Library Name

         6          0          0          0          0        152   c_w.l

    ----------------------------------------------------------------------
         6          0          0          0          0        152   Library Totals

    ----------------------------------------------------------------------

==============================================================================


      Code (inc. data)   RO Data    RW Data    ZI Data      Debug   

      4076        326        620          0        512      18896   Grand Totals
      4076        326        620          0        512      18896   ELF Image Totals
      4076        326        620          0          0          0   ROM Totals

==============================================================================

    Total RO  Size (Code + RO Data)                 4696 (   4.59kB)
    Total RW  Size (RW Data + ZI Data)               512 (   0.50kB)
    Total ROM Size (Code + RO Data + RW Data)       4696 (   4.59kB)

==============================================================================

