<html>
<body>
<pre>
<h1>µVision Build Log</h1>
<h2>Project:</h2>
D:\Smart-Home-okasha\Tivac2\TivaC2.uvproj
Project File Date:  05/13/2019

<h2>Output:</h2>
Rebuild target 'Target 1'
assembling startup_TM4C123.s...
compiling lcd.c...
compiling potentiometer.c...
compiling push_buttons.c...
compiling main.c...
compiling uart.c...
compiling port.c...
compiling dio.c...
compiling adc.c...
adc.c(35): warning:  #1-D: last line of file ends without a newline
  }
adc.c: 1 warning, 0 errors
compiling systick.c...
linking...
Program Size: Code=4076 RO-data=620 RW-data=0 ZI-data=512  
".\TivaC2.axf" - 0 Error(s), 1 Warning(s).
Load "D:\\Smart-Home-okasha\\Tivac2\\TivaC2.axf" 
Connecting: Mode=JTAG, Speed=1000000Hz
Erase Done.
Programming Done.
Verify OK.
</pre>
</body>
</html>
a\\Tivac2\\TivaC2.axf" 
Connecting: Mode=JTAG, Speed=1000000Hz
Erase Done.
Programming Done.
Verify OK.
